# MySQL/Linux 诊断报告

- **生成时间**: 2026-03-18 22:56:15
- **总耗时**: 86.92 秒
- **诊断轮次**: 6

## 配置信息

- **目标 SSH**: 172.20.20.15:22
- **目标 MySQL**: 172.20.20.15:3306
- **使用模型**: deepseek-ai/DeepSeek-V3.2
- **慢查询阈值**: 0.5秒

## 最终诊断

【MySQL/Linux 系统健康诊断报告】

1. 总体评价 - 健康状态评分：95/100
   - 系统整体运行非常健康，负载极低，资源充足。

2. 慢查询分析
   - 慢查询数量：0（Slow_queries = 0）
   - 慢查询阈值：10秒（long_query_time = 10.000000）
   - 问题：当前慢查询阈值设置为10秒，远高于目标阈值0.5秒，可能导致无法捕获真正的慢查询。

3. QPS 和负载分析
   - MySQL运行时间：173382秒（约48.16小时）
   - 总查询数：146次
   - 平均QPS：146 / 173382 ≈ 0.00084（极低）
   - 系统负载：0.00, 0.03, 0.05（非常低）
   - CPU使用率：用户0.0%，系统3.1%，空闲96.9%，I/O等待0.0%
   - 结论：系统几乎空闲，负载极轻。

4. 连接和线程状态
   - 当前连接数：2（Threads_connected = 2）
   - 历史最大连接数：2（Max_used_connections = 2）
   - 最大连接数限制：151（max_connections = 151）
   - 进程列表：仅显示系统进程和当前诊断连接，无业务查询。
   - 连接异常：Aborted_clients=1, Aborted_connects=1（数量极少，正常范围）

5. 锁等待分析
   - InnoDB行锁等待：0（Innodb_row_lock_current_waits = 0）
   - 表锁等待：0（Table_locks_waited = 0）
   - 结论：无锁等待问题。

6. 内存使用状况
   - 系统总内存：3.7GB
   - 已用内存：549MB，可用内存：2.9GB
   - MySQL内存使用：410MB（约10.6% of total）
   - Swap使用：0B
   - 结论：内存充足，无交换压力。

7. CPU使用状况
   - 整体CPU空闲率：96.9%
   - MySQL进程CPU使用：6.2%（单核）
   - 结论：CPU资源非常充裕。

8. 磁盘空间和I/O
   - 根分区：36GB，已用14GB（39%），充足
   - 启动分区：14%使用率，充足
   - I/O等待：0%（vmstat显示wa=0）
   - 临时表磁盘使用：Created_tmp_disk_tables=12, Created_tmp_tables=101（磁盘临时表占比约11.9%，正常）
   - 结论：磁盘空间充足，I/O压力极低。

9. 主要问题列表（按严重程度排序）
   - 1. 慢查询阈值设置过高（10秒），不符合0.5秒的目标要求。
   - 2. 系统负载极低，可能为测试环境或非生产环境。
   - 3. 查询量极少（QPS约0.00084），可能未承载真实业务负载。

10. 具体的优化建议
   - 立即调整慢查询阈值：SET GLOBAL long_query_time = 0.5;（并修改配置文件永久生效）
   - 启用慢查询日志（如果尚未启用）：SET GLOBAL slow_query_log = ON;
   - 监控建议：当前环境非常健康，建议在真实业务负载下重新评估。
   - 配置检查：确保其他MySQL参数（如缓冲池大小、连接数等）适合预期负载。
   - 定期检查：虽然当前无问题，仍需定期监控慢查询、连接数和系统资源。

总结：系统当前处于极佳状态，但慢查询阈值设置不合理，需要调整以符合监控要求。

## 诊断过程

### 第 1 轮

**工具**: `mysql_query.检查慢查询统计、MySQL运行时间和基本状态`

**输入**:

```
SHOW GLOBAL STATUS LIKE 'Slow_queries'; SHOW VARIABLES LIKE 'long_query_time'; SHOW GLOBAL STATUS LIKE 'Uptime'; SHOW GLOBAL STATUS LIKE 'Questions'; SHOW GLOBAL STATUS LIKE 'Threads_connected'; SHOW GLOBAL STATUS LIKE 'Max_used_connections'; SHOW GLOBAL VARIABLES LIKE 'max_connections';
```

**观察结果**:

```
Variable_name | Value
--------------+------
Slow_queries | 0
long_query_time | 10.000000
Uptime | 173382
Questions | 146
Threads_connected | 2
Max_used_connections | 2
max_connections | 151
```

### 第 2 轮

**工具**: `ssh_exec.检查系统负载、内存和磁盘空间等基本信息`

**输入**:

```
uptime; free -h; df -h;
```

**观察结果**:

```
22:56:27 up  1:49,  3 users,  load average: 0.00, 0.03, 0.05
              total        used        free      shared  buff/cache   available
Mem:           3.7G        549M        1.6G         11M        1.6G        2.9G
Swap:          3.9G          0B        3.9G
文件系统                 容量  已用  可用 已用% 挂载点
/dev/mapper/centos-root   36G   14G   22G   39% /
devtmpfs                 1.9G     0  1.9G    0% /dev
tmpfs                    1.9G     0  1.9G    0% /dev/shm
tmpfs                    1.9G   12M  1.9G    1% /run
tmpfs                    1.9G     0  1.9G    0% /sys/fs/cgroup
/dev/sda1               1014M  142M  873M   14% /boot
tmpfs                    378M     0  378M    0% /run/user/0
```

### 第 3 轮

**工具**: `mysql_query.检查MySQL进程列表和InnoDB状态，查看是否有活动查询或锁等待`

**输入**:

```
SHOW FULL PROCESSLIST; SHOW ENGINE INNODB STATUS;
```

**观察结果**:

```
Id | User | Host | db | Command | Time | State | Info
---+------+------+----+---------+------+-------+-----
5 | event_scheduler | localhost | None | Daemon | 173389 | Waiting on empty queue | None
9 | root | localhost | None | Sleep | 173172 |  | None
20 | root | 172.20.20.1:7878 | ownit | Query | 0 | init | SHOW FULL PROCESSLIST
 |  |  |  |  |  |  | 
```

### 第 4 轮

**工具**: `ssh_exec.检查系统CPU和I/O使用情况，以及网络连接状态`

**输入**:

```
top -bn1 | head -30; vmstat 1 3; iostat -x 1 3; ss -s;
```

**观察结果**:

```
top - 22:56:38 up  1:50,  3 users,  load average: 0.00, 0.03, 0.05
Tasks: 117 total,   2 running, 115 sleeping,   0 stopped,   0 zombie
%Cpu(s):  0.0 us,  3.1 sy,  0.0 ni, 96.9 id,  0.0 wa,  0.0 hi,  0.0 si,  0.0 st
KiB Mem :  3863568 total,  1648492 free,   562712 used,  1652364 buff/cache
KiB Swap:  4063228 total,  4063228 free,        0 used.  2995416 avail Mem 

   PID USER      PR  NI    VIRT    RES    SHR S  %CPU %MEM     TIME+ COMMAND
  2216 mysql     20   0 1813456 410124  18972 S   6.2 10.6   0:36.72 mysqld
     1 root      20   0  125640   4140   2624 S   0.0  0.1   0:01.56 systemd
     2 root      20   0       0      0      0 S   0.0  0.0   0:00.01 kthreadd
     3 root      20   0       0      0      0 S   0.0  0.0   0:01.44 ksoftirqd+
     5 root       0 -20       0      0      0 S   0.0  0.0   0:00.00 kworker/0+
     7 root      rt   0       0      0      0 S   0.0  0.0   0:00.15 migration+
     8 root      20   0       0      0      0 S   0.0  0.0   0:00.00 rcu_bh
     9 root      20   0       0      0      0 R   0.0  0.0   0:00.48 rcu_sched
    10 root       0 -20       0      0      0 S   0.0  0.0   0:00.00 lru-add-d+
    11 root      rt   0       0      0      0 S   0.0  0.0   0:00.02 watchdog/0
    12 root      rt   0       0      0      0 S   0.0  0.0   0:00.02 watchdog/1
    13 root      rt   0       0      0      0 S   0.0  0.0   0:00.01 migration+
    14 root      20   0       0      0      0 S   0.0  0.0   0:01.07 ksoftirqd+
    15 root      20   0       0      0      0 S   0.0  0.0   0:00.86 kworker/1+
    16 root       0 -20       0      0      0 S   0.0  0.0   0:00.00 kworker/1+
    18 root      20   0       0      0      0 S   0.0  0.0   0:00.00 kdevtmpfs
    19 root       0 -20       0      0      0 S   0.0  0.0   0:00.00 netns
    20 root      20   0       0      0      0 S   0.0  0.0   0:00.00 khungtaskd
    21 root       0 -20       0      0      0 S   0.0  0.0   0:00.00 writeback
    22 root       0 -20       0      0      0 S   0.0  0.0   0:00.00 kintegrit+
    23 root       0 -20       0      0      0 S   0.0  0.0   0:00.00 bioset
    24 root       0 -20       0      0      0 S   0.0  0.0   0:00.00 kblockd
    25 root       0 -20       0      0      0 S   0.0  0.0   0:00.00 md
procs -----------memory---------- ---swap-- -----io---- -system-- ------cpu-----
 r  b   swpd   free   buff  cache   si   so    bi    bo   in   cs us sy id wa st
 1  0      0 1648668   2108 1650256    0    0    22   115  167  213  0  0 99  0  0
 0  0      0 1648804   2108 1650276    0    0     0     0  343  439  0  0 100  0  0
 0  0      0 1648804   2108 1650276    0    0     0     0  337  429  0  0 100  0  0
Total: 591 (kernel 1020)
TCP:   14 (estab 5, closed 0, orphaned 0, synrecv 0, timewait 0/0), ports 0

Transport Total     IP        IPv6
*	  1020      -         -        
RAW	  0         0         0        
UDP	  6         3         3        
TCP	  14        8         6        
INET	  20        11        9        
FRAG	  0         0         0        



STDERR:
bash: iostat: 未找到命令
```

### 第 5 轮

**工具**: `mysql_query.检查MySQL全局状态，包括连接、临时表、排序、锁等待等关键指标`

**输入**:

```
SHOW GLOBAL STATUS LIKE 'Aborted_%'; SHOW GLOBAL STATUS LIKE 'Created_tmp_%'; SHOW GLOBAL STATUS LIKE 'Sort_%'; SHOW GLOBAL STATUS LIKE 'Innodb_row_lock_%'; SHOW GLOBAL STATUS LIKE 'Table_locks_%';
```

**观察结果**:

```
Variable_name | Value
--------------+------
Aborted_clients | 1
Aborted_connects | 1
Created_tmp_disk_tables | 12
Created_tmp_files | 5
Created_tmp_tables | 101
Sort_merge_passes | 0
Sort_range | 0
Sort_rows | 0
Sort_scan | 0
Innodb_row_lock_current_waits | 0
Innodb_row_lock_time | 0
Innodb_row_lock_time_avg | 0
Innodb_row_lock_time_max | 0
Innodb_row_lock_waits | 0
Table_locks_immediate | 88
Table_locks_waited | 0
```

### 第 6 轮

**工具**: `agent.final_answer`

**输入**:



**观察结果**:

```
【MySQL/Linux 系统健康诊断报告】

1. 总体评价 - 健康状态评分：95/100
   - 系统整体运行非常健康，负载极低，资源充足。

2. 慢查询分析
   - 慢查询数量：0（Slow_queries = 0）
   - 慢查询阈值：10秒（long_query_time = 10.000000）
   - 问题：当前慢查询阈值设置为10秒，远高于目标阈值0.5秒，可能导致无法捕获真正的慢查询。

3. QPS 和负载分析
   - MySQL运行时间：173382秒（约48.16小时）
   - 总查询数：146次
   - 平均QPS：146 / 173382 ≈ 0.00084（极低）
   - 系统负载：0.00, 0.03, 0.05（非常低）
   - CPU使用率：用户0.0%，系统3.1%，空闲96.9%，I/O等待0.0%
   - 结论：系统几乎空闲，负载极轻。

4. 连接和线程状态
   - 当前连接数：2（Threads_connected = 2）
   - 历史最大连接数：2（Max_used_connections = 2）
   - 最大连接数限制：151（max_connections = 151）
   - 进程列表：仅显示系统进程和当前诊断连接，无业务查询。
   - 连接异常：Aborted_clients=1, Aborted_connects=1（数量极少，正常范围）

5. 锁等待分析
   - InnoDB行锁等待：0（Innodb_row_lock_current_waits = 0）
   - 表锁等待：0（Table_locks_waited = 0）
   - 结论：无锁等待问题。

6. 内存使用状况
   - 系统总内存：3.7GB
   - 已用内存：549MB，可用内存：2.9GB
   - MySQL内存使用：410MB（约10.6% of total）
   - Swap使用：0B
   - 结论：内存充足，无交换压力。

7. CPU使用状况
   - 整体CPU空闲率：96.9%
   - MySQL进程CPU使用：6.2%（单核）
   - 结论：CPU资源非常充裕。

8. 磁盘空间和I/O
   - 根分区：36GB，已用14GB（39%），充足
   - 启动分区：14%使用率，充足
   - I/O等待：0%（vmstat显示wa=0）
   - 临时表磁盘使用：Created_tmp_disk_tables=12, Created_tmp_tables=101（磁盘临时表占比约11.9%，正常）
   - 结论：磁盘空间充足，I/O压力极低。

9. 主要问题列表（按严重程度排序）
   - 1. 慢查询阈值设置过高（10秒），不符合0.5秒的目标要求。
   - 2. 系统负载极低，可能为测试环境或非生产环境。
   - 3. 查询量极少（QPS约0.00084），可能未承载真实业务负载。

10. 具体的优化建议
   - 立即调整慢查询阈值：SET GLOBAL long_query_time = 0.5;（并修改配置文件永久生效）
   - 启用慢查询日志（如果尚未启用）：SET GLOBAL slow_query_log = ON;
   - 监控建议：当前环境非常健康，建议在真实业务负载下重新评估。
   - 配置检查：确保其他MySQL参数（如缓冲池大小、连接数等）适合预期负载。
   - 定期检查：虽然当前无问题，仍需定期监控慢查询、连接数和系统资源。

总结：系统当前处于极佳状态，但慢查询阈值设置不合理，需要调整以符合监控要求。
```

---

*由 MySQL 诊断 Agent 自动生成*